

RHCSA:

[kiosk@foundation0 ~]$ rht-vmctl fullreset server
[kiosk@foundation0 ~]$ rht-vmctl fullreset desktop
[kiosk@foundation0 ~]$ rht-vmctl poweroff server

===================================================================
1. password,network
e ----------> linux16    
物理机： rd.break
虚拟机： rd.break console=tty0

ctrl + x

switch_root:/# mount -o rw,remount /sysroot
switch_root:/# chroot /sysroot
sh-4.2# passwd 
sh-4.2# touch /.autorelabel				//SELinux开启的情况下
sh-4.2# exit
switch_root:/# reboot

# hostnamectl set-hostname server0.example.com

# nm-connection-editor
# nmcli connection up "System eth0"

[kiosk@foundation0 Desktop]$ ssh -X root@server0	//从物理机远程操作


2. SELinux
[root@server0 ~]# vim /etc/sysconfig/selinux0-
SELINUX=enforcing


3. YUM
为您的系统配置一个默认的软件仓库, 一个YUM源已经提供了在http://server.domain11.example.com/pub/x86_64/Server,配置你的系统，并且能正常使用。
[root@server0 ~]# rm -rf /etc/yum.repos.d/*
[root@server0 ~]# yum-config-manager --add-repo="http://content.example.com/rhel7.0/x86_64/dvd"
[root@server0 ~]# vim /etc/yum.conf
gpgcheck=0						//取消签名检查

[root@server0 ~]# yum repolist
[root@server0 ~]# yum -y install chrony autofs


4. LVM
调整逻辑卷的大小, 它的文件系统大小应该为290M.确保这个文件系统的内容完整。注：分区很少能精确到和要求的大小相同，因此在范围270M到320M之间都是可以接受的
[root@server0 ~]# lab lvm setup				//准备练习环境

[root@server0 ~]# lvscan 
  ACTIVE            '/dev/finance/loans' [256.00 MiB] inherit
[root@server0 ~]# vgs
  VG      #PV #LV #SN Attr   VSize   VFree  
  finance   1   1   0 wz--n- 508.00m 252.00m

[root@server0 ~]# lvextend -L 302M /dev/finance/loans	//扩LVM
[root@server0 ~]# df -T
/dev/mapper/finance-loans xfs         258732   13268    245464   6% /finance/loans
[root@server0 ~]# xfs_growfs /dev/finance/loans		//扩文件系统

[root@server0 ~]# lvscan 
  ACTIVE            '/dev/finance/loans' [304.00 MiB] inherit
[root@server0 ~]# df -T
/dev/mapper/finance-loans xfs         307884   13300    294584   5% /finance/loans

减法
[root@server0 ~]# e2fsck -f  /dev/vg0/vo
[root@server0 ~]# umount /home
[root@server0 ~]# resize2fs /dev/vg0/vo  100M   //最终要求的分区容量 如100M
[root@server0 ~]# lvreduce -l 100M /dev/vg0/vo
[root@server0 ~]# mount /dev/vg0/vo   /home
[root@server0 ~]# df -hT


5. user & group
创建下面的用户、组和组成员关系
名字为adminuser 的组
用户natasha，使用adminuser 作为附属组
用户harry，也使用adminuser 作为附属组
用户sarah，在系统商不能访问可交互的SHELL，且不是adminuser 的成员，natasha，harry，sarah密码都是redhat 

[root@server0 ~]# groupadd adminuser
[root@server0 ~]# useradd natasha -G adminuser
[root@server0 ~]# useradd harry -G adminuser
[root@server0 ~]# useradd sarah -s /sbin/nologin 
[root@server0 ~]# passwd natasha


6. acl
配置/var/tmp/fstab的权限, 复制文件/etc/fstab到/var/tmp/fstab, 配置/var/tmp/fstab的权限如下：
文件/var/tmp/fstab所有者是ROOT, 文件/var/tmp/fstab属于root组, 文件/var/tmp/fstab不能被任何用户执行
用户natasha可读和可写/var/tmp/fstab, 用户harry不能读写/var/tmp/fstab
所有其他用户（现在和将来的）具有读/var/tmp/fstab的能力。

[root@server0 ~]# cp -rf /etc/fstab /var/tmp/
[root@server0 ~]# ll /var/tmp/fstab 
-rw-r--r--. 1 root root 368 Jul  6 23:27 /var/tmp/fstab

[root@server0 ~]# setfacl -m u:natasha:rw /var/tmp/fstab 
[root@server0 ~]# setfacl -m u:harry:- /var/tmp/fstab 

[root@server0 ~]# getfacl /var/tmp/fstab 
getfacl: Removing leading '/' from absolute path names
# file: var/tmp/fstab
# owner: root
# group: root
user::rw-
user:natasha:rw-
user:harry:---
group::r--
mask::rw-
other::r--


7. cron
配置一个cron任务, 用户natasha必须配置一个cron job，当地时间每天14：23运行，执行：
/bin/echo hello

[root@server0 ~]# crontab -e -u natasha
20 14 * * * /bin/echo hello

[root@server0 ~]# crontab -l -u natasha
20 14 * * * /bin/echo hello


8. file per
创建一个共享目录/home/admins，使之具有下面的特性：
/home/admins 所属组为adminuser
这个目录对组adminuser的成有具有可读、可写和可执行
在/home/ admins创建的任何文件所属组自动设置为adminuser

[root@server0 ~]# mkdir /home/admins
[root@server0 ~]# chgrp adminuser /home/admins
[root@server0 ~]# chmod 770 /home/admins
[root@server0 ~]# chmod g+s /home/admins
[root@server0 ~]# 
[root@server0 ~]# ll -d /home/admins/
drwxrws---. 2 root adminuser 6 Jul  6 23:30 /home/admins/


9. update kernel
安装内核的升级, 从http://server.domain11.example.com/pub/updates安装适合的内核更新。下面的要求必须满足：
更新的内核作为系统启动的默认内核
原来的内核在系统启动的时候依然有效和可引导

[root@server0 ~]# yum-config-manager --add-repo="http://content.example.com/rhel7.0/x86_64/errata"
[root@server0 ~]# yum list kernel 
kernel.x86_64  3.10.0-123.el7       installed                                
kernel.x86_64  3.10.0-123.1.2.el7   content.example.com_rhel7.0_x86_64_errata
[root@server0 ~]# yum update kernel -y			//升级期间不能关闭终端


10. ldap
绑定到外部验证服务器, 系统server.domain11.example.com提供了一个LDAP的验证服务，你的系统应该按下面的要求绑定到这个服务：
验证服务的基准DN是dc=example,dc=com
LDAP用于提供账户信息和验证信息
连接应用使用位于http://server.domain11.example.com/pub/EXAMPLE-CA-CERT的证书加密
当正确的配置后，ldapuser1可以登录你的系统，但是没有HOME目录，直到你完成autofs题目的ldapuser1的密码是password

[root@server0 ~]# yum -y install openldap openldap-clients sssd authconfig-gtk
[root@server0 ~]# yum -y install openldap openldap-clients sssd authconfig-gtk
[root@server0 ~]# authconfig-gtk
        User Account Database: LDAP
        LDAP Search Base DN: dc=example,dc=com
        LDAP Server: ldap://server0.example.com
        Use TLS to encrypt connections
        Certificate URL: file:///root/cert.pem

[root@server0 ~]# id ldapuser0				//获得ldap提供的用户
uid=1700(ldapuser0) gid=1700(ldapuser0) groups=1700(ldapuser0)
[root@server0 ~]# ssh ldapuser0@localhost		//使用ldap提供的用户登录本机
ldapuser0@localhost's password: 			//考试时提供，此处为password
Could not chdir to home directory /home/guests/ldapuser0: No such file or directory
mkdir: cannot create directory ‘/home/guests’: Permission denied
-bash-4.2$


11. ntp
配置NTP, 配置你的系统使它server.domain11.example.com的一个NTP用户

[root@server0 ~]# yum -y install chrony			//NTP客户端
[root@server0 ~]# vim /etc/chrony.conf
server server.domain11.example.com iburst

[root@server0 ~]# systemctl enable chronyd
[root@server0 ~]# systemctl restart chronyd.service 

[root@server0 ~]# timedatectl 
      Local time: Mon 2015-07-06 23:40:10 CST
  Universal time: Mon 2015-07-06 15:40:10 UTC
        RTC time: Mon 2015-07-06 15:40:10
        Timezone: Asia/Shanghai (CST, +0800)
     NTP enabled: yes					//yes已开启
NTP synchronized: no					//no未同步
 RTC in local TZ: no
      DST active: n/a


12. autofs mount home
配置autofs自动挂在LDAP用户的家目录，如下要求
server.domain11.example.com使用NFS共享了home给你的系统,这个文件系统包含了预先配置好的用户ldapuserX的home目录
ldapuserX的home目录是server.domain11.example.com下面的/home/guests/ldapuserX
ldapuserX的home目录应该自动挂载到本地/home/guests下面的ldapuserX
home目录必须对用户具有可写权限, ldapuser1的密码是password
--------

通过前一步得到用户HOME： /home/guests/ldapuser0

[root@server0 ~]# yum -y install autofs

[root@server0 ~]# vim /etc/auto.master
/home/guests /etc/auto.yangsheng			----- /home/guests/ 错误

[root@server0 ~]# vim /etc/auto.yangsheng
*       -rw     server.domain11.example.com:/home/guests/&

[root@server0 ~]# systemctl enable autofs.service 
[root@server0 ~]# systemctl restart autofs.service 

[root@server0 ~]# ssh ldapuser0@localhost		//测试HOME挂载
ldapuser0@localhost's password: 
Last login: Mon Jul  6 23:50:13 2015 from localhost
[ldapuser0@server0 ~]$ pwd
/home/guests/ldapuser0


13. user
配置一个用户账号, 创建一个用户iar，uid是3400.这个用户的密码是redhat
[root@server0 ~]# useradd jack -u 2000


14. swap
添加一个swap分区, 为你的系统额外添加一个大小为512M的交换分区，这个交换分区在系统启动的时候应该能自动挂载。不要移除和修改你系统上现有的交换分区。
[root@server0 ~]# fdisk /dev/vdb			
Command (m for help): n
Partition type:
   p   primary (1 primary, 0 extended, 3 free)
   e   extended
Select (default p): 
Using default response p
Partition number (2-4, default 2): 
First sector (1050624-20971519, default 1050624): 
Using default value 1050624
Last sector, +sectors or +size{K,M,G} (1050624-20971519, default 20971519): +512M
Partition 2 of type Linux and of size 512 MiB is set

Command (m for help): w

[root@server0 ~]# partprobe /dev/vdb
[root@server0 ~]# ll /dev/vdb*
brw-rw----. 1 root disk 252, 16 Jul  7 00:20 /dev/vdb
brw-rw----. 1 root disk 252, 17 Jul  7 00:16 /dev/vdb1
brw-rw----. 1 root disk 252, 18 Jul  7 00:21 /dev/vdb2

[root@server0 ~]# mkswap /dev/vdb2
Setting up swapspace version 1, size = 524284 KiB
no label, UUID=e559e575-e01d-4e17-a1aa-5aaf8c5647ae

[root@server0 ~]# vim /etc/fstab
UUID=e559e575-e01d-4e17-a1aa-5aaf8c5647ae swap swap defaults 0 0

[root@server0 ~]# swapon -a
[root@server0 ~]# swapon -s
Filename				Type		Size	Used	Priority
/dev/vdb2                              	partition	524284	0	-1


15. find
找到所有者是iar的文件，并把题目拷贝到/root/findresults目录
[root@server0 ~]# mkdir /findfiles
[root@server0 ~]# find / -name alice
[root@server0 ~]# find / -name alice -exec  cp -a {} /findfiles  \;


16. grep
查找一个字符串, 在/usr/share/dict/words内找出所有包含字符串seismic的列，然后把这些列依照原来的次序拷贝到/root/lines.txt内,在此档内不存在空行，所有的行必须是/usr/share/dict/words中原有行的精确复制。
[root@server0 ~]# grep seismic /usr/share/dict/words
[root@server0 ~]# grep seismic /usr/share/dict/words > /root/filelist


17. tar
创建名为/root/backup.tar.bz2的备份文件，其中包含/usr/local的内容，tar必须使用bzip2压缩
[root@server0 ~]# tar -cjvf /root/backup.tar.bz2 /etc


18. LVM
创建一个逻辑卷, 逻辑卷的命名为database,属于卷组的datastore,且大小为10个PE, 在卷组datastore的逻辑卷每个扩展的大小为16MB
使用ext4格式化这个新的逻辑卷, 此逻辑卷在系统启动的时候应该自动挂载到/mnt/database
[root@server0 ~]# fdisk /dev/vdb
Command (m for help): n
Partition type:
   p   primary (2 primary, 0 extended, 2 free)
   e   extended
Select (default p): 
Using default response p
Partition number (3,4, default 3): 
First sector (2099200-20971519, default 2099200): 
Using default value 2099200
Last sector, +sectors or +size{K,M,G} (2099200-20971519, default 20971519): +200M
Partition 3 of type Linux and of size 200 MiB is set
Command (m for help): w
The partition table has been altered!

[root@server0 ~]# partprobe /dev/vdb
[root@server0 ~]# ll /dev/vdb*
brw-rw----. 1 root disk 252, 16 Jul  7 00:31 /dev/vdb
brw-rw----. 1 root disk 252, 17 Jul  7 00:16 /dev/vdb1
brw-rw----. 1 root disk 252, 18 Jul  7 00:22 /dev/vdb2
brw-rw----. 1 root disk 252, 19 Jul  7 00:31 /dev/vdb3

[root@server0 ~]# pvcreate /dev/vdb3
[root@server0 ~]# vgcreate -s 16M datastore /dev/vdb3		//-s指定PE size
[root@server0 ~]# lvcreate -L 160M -n database datastore	//-l 10   PE 数量

[root@server0 ~]# lvscan 
  ACTIVE            '/dev/datastore/database' [160.00 MiB] inherit

[root@server0 ~]# mkfs.ext4 /dev/datastore/database 
[root@server0 ~]# mkdir /mnt/database
[root@server0 ~]# mount /dev/datastore/database /mnt/database/
[root@server0 ~]# vim /etc/fstab
/dev/datastore/database /mnt/database ext4 defaults 0 0

[root@server0 ~]# mount -a
[root@server0 ~]# df
/dev/mapper/datastore-database    154565    1550    141547   2% /mnt/database













